--- ТАБЛИЦА CLIENTS ---
[
  {
    "id": "00a52d59-4c47-407d-834f-8d14aa39b6c1",
    "name": "Иванов Иван",
    "email": "test@example.com",
    "password_encrypted": "test_password",
    "schedule_id": "74233394",
    "applicant_ids": [
      "88823596",
      "88823645"
    ],
    "current_date": "2026-08-15",
    "status": "done",
    "attempts_left": 2,
    "created_at": "2026-05-10T04:51:08.070402+00:00"
  }
]

--- ТАБЛИЦА LOGS ---
[
  {
    "id": "0b46d5a7-4d1b-4db9-8fb7-35ef0d924b99",
    "client_id": "00a52d59-4c47-407d-834f-8d14aa39b6c1",
    "action": "reschedule",
    "result": "success",
    "date_found": "2026-08-15",
    "date_booked": "2026-08-15",
    "created_at": "2026-05-10T04:51:15.1134+00:00"
  }
]
